// Jest Snapshot v1, https://goo.gl/fbAQLP

exports[`Barra de busca 1`] = `
<input
  className="form-control"
  id="busca"
  type="text"
/>
`;

exports[`PÃ¡gina 1`] = `
<div
  className="page-content"
/>
`;

exports[`Resultado de pesquisa 1`] = `
<div
  className="row"
  id="load"
/>
`;
