// Jest Snapshot v1, https://goo.gl/fbAQLP

exports[`PÃ¡gina 1`] = `
<div
  className="page-content"
/>
`;
