// Jest Snapshot v1, https://goo.gl/fbAQLP

exports[`CardBody 1`] = `
<div
  className="card-body"
/>
`;

exports[`PÃ¡gina 1`] = `
<div
  className="page-content"
/>
`;
