// Jest Snapshot v1, https://goo.gl/fbAQLP

exports[`CardBody 1`] = `
<div
  class="m-3"
/>
`;

exports[`PÃ¡gina 1`] = `
<div
  class="page-content"
/>
`;
