// Jest Snapshot v1, https://goo.gl/fbAQLP

exports[`Container 1`] = `
<div
  className="container"
/>
`;

exports[`PÃ¡gina 1`] = `
<div
  class="page-content"
/>
`;
